// Jest Snapshot v1, https://goo.gl/fbAQLP

exports[`Input component should render without issues 1`] = `
<div
  className="rce-container-input"
>
  <textarea
    className="rce-input rce-input-textarea"
    onChange={[Function]}
    value=""
  />
</div>
`;
